  Determinando los proyectos que se van a restaurar...
  Todos los proyectos est├ín actualizados para la restauraci├│n.
C:\Users\loren\Desktop\TUP\1-a├▒o\3 - Segundo semestre\Programacion 2\pii-tpi-grupo-17\Libreria-API\Repositories\Interfaces\IClienteRepository.cs(12,79): warning CS8625: No se puede convertir un literal NULL en un tipo de referencia que no acepta valores NULL. [C:\Users\loren\Desktop\TUP\1-a├▒o\3 - Segundo semestre\Programacion 2\pii-tpi-grupo-17\Libreria-API\Libreria-API.csproj]
C:\Users\loren\Desktop\TUP\1-a├▒o\3 - Segundo semestre\Programacion 2\pii-tpi-grupo-17\Libreria-API\Services\Interfaces\IClienteService.cs(11,74): warning CS8625: No se puede convertir un literal NULL en un tipo de referencia que no acepta valores NULL. [C:\Users\loren\Desktop\TUP\1-a├▒o\3 - Segundo semestre\Programacion 2\pii-tpi-grupo-17\Libreria-API\Libreria-API.csproj]
C:\Users\loren\Desktop\TUP\1-a├▒o\3 - Segundo semestre\Programacion 2\pii-tpi-grupo-17\Libreria-API\Services\Implementations\ClienteService.cs(43,87): warning CS8625: No se puede convertir un literal NULL en un tipo de referencia que no acepta valores NULL. [C:\Users\loren\Desktop\TUP\1-a├▒o\3 - Segundo semestre\Programacion 2\pii-tpi-grupo-17\Libreria-API\Libreria-API.csproj]
C:\Users\loren\Desktop\TUP\1-a├▒o\3 - Segundo semestre\Programacion 2\pii-tpi-grupo-17\Libreria-API\Repositories\Implementations\ClienteRepository.cs(45,88): warning CS8625: No se puede convertir un literal NULL en un tipo de referencia que no acepta valores NULL. [C:\Users\loren\Desktop\TUP\1-a├▒o\3 - Segundo semestre\Programacion 2\pii-tpi-grupo-17\Libreria-API\Libreria-API.csproj]
C:\Users\loren\Desktop\TUP\1-a├▒o\3 - Segundo semestre\Programacion 2\pii-tpi-grupo-17\Libreria-API\Controllers\ClienteController.cs(94,84): warning CS8625: No se puede convertir un literal NULL en un tipo de referencia que no acepta valores NULL. [C:\Users\loren\Desktop\TUP\1-a├▒o\3 - Segundo semestre\Programacion 2\pii-tpi-grupo-17\Libreria-API\Libreria-API.csproj]
C:\Users\loren\Desktop\TUP\1-a├▒o\3 - Segundo semestre\Programacion 2\pii-tpi-grupo-17\Libreria-API\DTOs\UpdateEstadoDTO.cs(10,23): warning CS8618: El elemento propiedad "Observaciones" que no acepta valores NULL debe contener un valor distinto de NULL al salir del constructor. Considere la posibilidad de agregar el modificador "required'"o declarar el propiedad como un valor que acepta valores NULL. [C:\Users\loren\Desktop\TUP\1-a├▒o\3 - Segundo semestre\Programacion 2\pii-tpi-grupo-17\Libreria-API\Libreria-API.csproj]
C:\Users\loren\Desktop\TUP\1-a├▒o\3 - Segundo semestre\Programacion 2\pii-tpi-grupo-17\Libreria-API\DTOs\LibroDTO.cs(8,23): warning CS8618: El elemento propiedad "Codigo" que no acepta valores NULL debe contener un valor distinto de NULL al salir del constructor. Considere la posibilidad de agregar el modificador "required'"o declarar el propiedad como un valor que acepta valores NULL. [C:\Users\loren\Desktop\TUP\1-a├▒o\3 - Segundo semestre\Programacion 2\pii-tpi-grupo-17\Libreria-API\Libreria-API.csproj]
C:\Users\loren\Desktop\TUP\1-a├▒o\3 - Segundo semestre\Programacion 2\pii-tpi-grupo-17\Libreria-API\DTOs\LibroDTO.cs(9,23): warning CS8618: El elemento propiedad "Titulo" que no acepta valores NULL debe contener un valor distinto de NULL al salir del constructor. Considere la posibilidad de agregar el modificador "required'"o declarar el propiedad como un valor que acepta valores NULL. [C:\Users\loren\Desktop\TUP\1-a├▒o\3 - Segundo semestre\Programacion 2\pii-tpi-grupo-17\Libreria-API\Libreria-API.csproj]
C:\Users\loren\Desktop\TUP\1-a├▒o\3 - Segundo semestre\Programacion 2\pii-tpi-grupo-17\Libreria-API\DTOs\LibroDTO.cs(10,23): warning CS8618: El elemento propiedad "Editorial" que no acepta valores NULL debe contener un valor distinto de NULL al salir del constructor. Considere la posibilidad de agregar el modificador "required'"o declarar el propiedad como un valor que acepta valores NULL. [C:\Users\loren\Desktop\TUP\1-a├▒o\3 - Segundo semestre\Programacion 2\pii-tpi-grupo-17\Libreria-API\Libreria-API.csproj]
C:\Users\loren\Desktop\TUP\1-a├▒o\3 - Segundo semestre\Programacion 2\pii-tpi-grupo-17\Libreria-API\DTOs\LibroDTO.cs(11,23): warning CS8618: El elemento propiedad "Idioma" que no acepta valores NULL debe contener un valor distinto de NULL al salir del constructor. Considere la posibilidad de agregar el modificador "required'"o declarar el propiedad como un valor que acepta valores NULL. [C:\Users\loren\Desktop\TUP\1-a├▒o\3 - Segundo semestre\Programacion 2\pii-tpi-grupo-17\Libreria-API\Libreria-API.csproj]
C:\Users\loren\Desktop\TUP\1-a├▒o\3 - Segundo semestre\Programacion 2\pii-tpi-grupo-17\Libreria-API\DTOs\LibroDTO.cs(12,29): warning CS8618: El elemento propiedad "Autores" que no acepta valores NULL debe contener un valor distinto de NULL al salir del constructor. Considere la posibilidad de agregar el modificador "required'"o declarar el propiedad como un valor que acepta valores NULL. [C:\Users\loren\Desktop\TUP\1-a├▒o\3 - Segundo semestre\Programacion 2\pii-tpi-grupo-17\Libreria-API\Libreria-API.csproj]
C:\Users\loren\Desktop\TUP\1-a├▒o\3 - Segundo semestre\Programacion 2\pii-tpi-grupo-17\Libreria-API\DTOs\LibroDTO.cs(13,29): warning CS8618: El elemento propiedad "Categorias" que no acepta valores NULL debe contener un valor distinto de NULL al salir del constructor. Considere la posibilidad de agregar el modificador "required'"o declarar el propiedad como un valor que acepta valores NULL. [C:\Users\loren\Desktop\TUP\1-a├▒o\3 - Segundo semestre\Programacion 2\pii-tpi-grupo-17\Libreria-API\Libreria-API.csproj]
C:\Users\loren\Desktop\TUP\1-a├▒o\3 - Segundo semestre\Programacion 2\pii-tpi-grupo-17\Libreria-API\DTOs\LibroDTO.cs(14,29): warning CS8618: El elemento propiedad "Generos" que no acepta valores NULL debe contener un valor distinto de NULL al salir del constructor. Considere la posibilidad de agregar el modificador "required'"o declarar el propiedad como un valor que acepta valores NULL. [C:\Users\loren\Desktop\TUP\1-a├▒o\3 - Segundo semestre\Programacion 2\pii-tpi-grupo-17\Libreria-API\Libreria-API.csproj]
C:\Users\loren\Desktop\TUP\1-a├▒o\3 - Segundo semestre\Programacion 2\pii-tpi-grupo-17\Libreria-API\Services\Implementations\ClienteService.cs(68,54): warning CS8625: No se puede convertir un literal NULL en un tipo de referencia que no acepta valores NULL. [C:\Users\loren\Desktop\TUP\1-a├▒o\3 - Segundo semestre\Programacion 2\pii-tpi-grupo-17\Libreria-API\Libreria-API.csproj]
C:\Users\loren\Desktop\TUP\1-a├▒o\3 - Segundo semestre\Programacion 2\pii-tpi-grupo-17\Libreria-API\Services\Implementations\DashboardService.cs(158,31): error CS8072: Una expresi├│n lambda de ├írbol de expresi├│n no puede contener un operador de propagaci├│n NULL. [C:\Users\loren\Desktop\TUP\1-a├▒o\3 - Segundo semestre\Programacion 2\pii-tpi-grupo-17\Libreria-API\Libreria-API.csproj]

ERROR al compilar.

C:\Users\loren\Desktop\TUP\1-a├▒o\3 - Segundo semestre\Programacion 2\pii-tpi-grupo-17\Libreria-API\Repositories\Interfaces\IClienteRepository.cs(12,79): warning CS8625: No se puede convertir un literal NULL en un tipo de referencia que no acepta valores NULL. [C:\Users\loren\Desktop\TUP\1-a├▒o\3 - Segundo semestre\Programacion 2\pii-tpi-grupo-17\Libreria-API\Libreria-API.csproj]
C:\Users\loren\Desktop\TUP\1-a├▒o\3 - Segundo semestre\Programacion 2\pii-tpi-grupo-17\Libreria-API\Services\Interfaces\IClienteService.cs(11,74): warning CS8625: No se puede convertir un literal NULL en un tipo de referencia que no acepta valores NULL. [C:\Users\loren\Desktop\TUP\1-a├▒o\3 - Segundo semestre\Programacion 2\pii-tpi-grupo-17\Libreria-API\Libreria-API.csproj]
C:\Users\loren\Desktop\TUP\1-a├▒o\3 - Segundo semestre\Programacion 2\pii-tpi-grupo-17\Libreria-API\Services\Implementations\ClienteService.cs(43,87): warning CS8625: No se puede convertir un literal NULL en un tipo de referencia que no acepta valores NULL. [C:\Users\loren\Desktop\TUP\1-a├▒o\3 - Segundo semestre\Programacion 2\pii-tpi-grupo-17\Libreria-API\Libreria-API.csproj]
C:\Users\loren\Desktop\TUP\1-a├▒o\3 - Segundo semestre\Programacion 2\pii-tpi-grupo-17\Libreria-API\Repositories\Implementations\ClienteRepository.cs(45,88): warning CS8625: No se puede convertir un literal NULL en un tipo de referencia que no acepta valores NULL. [C:\Users\loren\Desktop\TUP\1-a├▒o\3 - Segundo semestre\Programacion 2\pii-tpi-grupo-17\Libreria-API\Libreria-API.csproj]
C:\Users\loren\Desktop\TUP\1-a├▒o\3 - Segundo semestre\Programacion 2\pii-tpi-grupo-17\Libreria-API\Controllers\ClienteController.cs(94,84): warning CS8625: No se puede convertir un literal NULL en un tipo de referencia que no acepta valores NULL. [C:\Users\loren\Desktop\TUP\1-a├▒o\3 - Segundo semestre\Programacion 2\pii-tpi-grupo-17\Libreria-API\Libreria-API.csproj]
C:\Users\loren\Desktop\TUP\1-a├▒o\3 - Segundo semestre\Programacion 2\pii-tpi-grupo-17\Libreria-API\DTOs\UpdateEstadoDTO.cs(10,23): warning CS8618: El elemento propiedad "Observaciones" que no acepta valores NULL debe contener un valor distinto de NULL al salir del constructor. Considere la posibilidad de agregar el modificador "required'"o declarar el propiedad como un valor que acepta valores NULL. [C:\Users\loren\Desktop\TUP\1-a├▒o\3 - Segundo semestre\Programacion 2\pii-tpi-grupo-17\Libreria-API\Libreria-API.csproj]
C:\Users\loren\Desktop\TUP\1-a├▒o\3 - Segundo semestre\Programacion 2\pii-tpi-grupo-17\Libreria-API\DTOs\LibroDTO.cs(8,23): warning CS8618: El elemento propiedad "Codigo" que no acepta valores NULL debe contener un valor distinto de NULL al salir del constructor. Considere la posibilidad de agregar el modificador "required'"o declarar el propiedad como un valor que acepta valores NULL. [C:\Users\loren\Desktop\TUP\1-a├▒o\3 - Segundo semestre\Programacion 2\pii-tpi-grupo-17\Libreria-API\Libreria-API.csproj]
C:\Users\loren\Desktop\TUP\1-a├▒o\3 - Segundo semestre\Programacion 2\pii-tpi-grupo-17\Libreria-API\DTOs\LibroDTO.cs(9,23): warning CS8618: El elemento propiedad "Titulo" que no acepta valores NULL debe contener un valor distinto de NULL al salir del constructor. Considere la posibilidad de agregar el modificador "required'"o declarar el propiedad como un valor que acepta valores NULL. [C:\Users\loren\Desktop\TUP\1-a├▒o\3 - Segundo semestre\Programacion 2\pii-tpi-grupo-17\Libreria-API\Libreria-API.csproj]
C:\Users\loren\Desktop\TUP\1-a├▒o\3 - Segundo semestre\Programacion 2\pii-tpi-grupo-17\Libreria-API\DTOs\LibroDTO.cs(10,23): warning CS8618: El elemento propiedad "Editorial" que no acepta valores NULL debe contener un valor distinto de NULL al salir del constructor. Considere la posibilidad de agregar el modificador "required'"o declarar el propiedad como un valor que acepta valores NULL. [C:\Users\loren\Desktop\TUP\1-a├▒o\3 - Segundo semestre\Programacion 2\pii-tpi-grupo-17\Libreria-API\Libreria-API.csproj]
C:\Users\loren\Desktop\TUP\1-a├▒o\3 - Segundo semestre\Programacion 2\pii-tpi-grupo-17\Libreria-API\DTOs\LibroDTO.cs(11,23): warning CS8618: El elemento propiedad "Idioma" que no acepta valores NULL debe contener un valor distinto de NULL al salir del constructor. Considere la posibilidad de agregar el modificador "required'"o declarar el propiedad como un valor que acepta valores NULL. [C:\Users\loren\Desktop\TUP\1-a├▒o\3 - Segundo semestre\Programacion 2\pii-tpi-grupo-17\Libreria-API\Libreria-API.csproj]
C:\Users\loren\Desktop\TUP\1-a├▒o\3 - Segundo semestre\Programacion 2\pii-tpi-grupo-17\Libreria-API\DTOs\LibroDTO.cs(12,29): warning CS8618: El elemento propiedad "Autores" que no acepta valores NULL debe contener un valor distinto de NULL al salir del constructor. Considere la posibilidad de agregar el modificador "required'"o declarar el propiedad como un valor que acepta valores NULL. [C:\Users\loren\Desktop\TUP\1-a├▒o\3 - Segundo semestre\Programacion 2\pii-tpi-grupo-17\Libreria-API\Libreria-API.csproj]
C:\Users\loren\Desktop\TUP\1-a├▒o\3 - Segundo semestre\Programacion 2\pii-tpi-grupo-17\Libreria-API\DTOs\LibroDTO.cs(13,29): warning CS8618: El elemento propiedad "Categorias" que no acepta valores NULL debe contener un valor distinto de NULL al salir del constructor. Considere la posibilidad de agregar el modificador "required'"o declarar el propiedad como un valor que acepta valores NULL. [C:\Users\loren\Desktop\TUP\1-a├▒o\3 - Segundo semestre\Programacion 2\pii-tpi-grupo-17\Libreria-API\Libreria-API.csproj]
C:\Users\loren\Desktop\TUP\1-a├▒o\3 - Segundo semestre\Programacion 2\pii-tpi-grupo-17\Libreria-API\DTOs\LibroDTO.cs(14,29): warning CS8618: El elemento propiedad "Generos" que no acepta valores NULL debe contener un valor distinto de NULL al salir del constructor. Considere la posibilidad de agregar el modificador "required'"o declarar el propiedad como un valor que acepta valores NULL. [C:\Users\loren\Desktop\TUP\1-a├▒o\3 - Segundo semestre\Programacion 2\pii-tpi-grupo-17\Libreria-API\Libreria-API.csproj]
C:\Users\loren\Desktop\TUP\1-a├▒o\3 - Segundo semestre\Programacion 2\pii-tpi-grupo-17\Libreria-API\Services\Implementations\ClienteService.cs(68,54): warning CS8625: No se puede convertir un literal NULL en un tipo de referencia que no acepta valores NULL. [C:\Users\loren\Desktop\TUP\1-a├▒o\3 - Segundo semestre\Programacion 2\pii-tpi-grupo-17\Libreria-API\Libreria-API.csproj]
C:\Users\loren\Desktop\TUP\1-a├▒o\3 - Segundo semestre\Programacion 2\pii-tpi-grupo-17\Libreria-API\Services\Implementations\DashboardService.cs(158,31): error CS8072: Una expresi├│n lambda de ├írbol de expresi├│n no puede contener un operador de propagaci├│n NULL. [C:\Users\loren\Desktop\TUP\1-a├▒o\3 - Segundo semestre\Programacion 2\pii-tpi-grupo-17\Libreria-API\Libreria-API.csproj]
    14 Advertencia(s)
    1 Errores

Tiempo transcurrido 00:00:01.03
